Analysis & Synthesis report for TP2
Sat Jun 10 12:06:29 2023
Quartus Prime Version 22.1std.1 Build 917 02/14/2023 SC Lite Edition


---------------------
; Table of Contents ;
---------------------
  1. Legal Notice
  2. Analysis & Synthesis Summary
  3. Analysis & Synthesis Settings
  4. Parallel Compilation
  5. Analysis & Synthesis Source Files Read
  6. Analysis & Synthesis Resource Usage Summary
  7. Analysis & Synthesis Resource Utilization by Entity
  8. Analysis & Synthesis RAM Summary
  9. Analysis & Synthesis IP Cores Summary
 10. Registers Removed During Synthesis
 11. General Register Statistics
 12. Multiplexer Restructuring Statistics (Restructuring Performed)
 13. Source assignments for Prog_mem:ROM|altsyncram:altsyncram_component|altsyncram_h2b1:auto_generated
 14. Source assignments for ram:RAM|altsyncram:altsyncram_component|altsyncram_3ef1:auto_generated
 15. Parameter Settings for User Entity Instance: Prog_mem:ROM|altsyncram:altsyncram_component
 16. Parameter Settings for User Entity Instance: BUSMUX:mux_rd
 17. Parameter Settings for User Entity Instance: ram:RAM|altsyncram:altsyncram_component
 18. altsyncram Parameter Settings by Entity Instance
 19. Post-Synthesis Netlist Statistics for Top Partition
 20. Elapsed Time Per Partition
 21. Analysis & Synthesis Messages



----------------
; Legal Notice ;
----------------
Copyright (C) 2023  Intel Corporation. All rights reserved.
Your use of Intel Corporation's design tools, logic functions 
and other software and tools, and any partner logic 
functions, and any output files from any of the foregoing 
(including device programming or simulation files), and any 
associated documentation or information are expressly subject 
to the terms and conditions of the Intel Program License 
Subscription Agreement, the Intel Quartus Prime License Agreement,
the Intel FPGA IP License Agreement, or other applicable license
agreement, including, without limitation, that your use is for
the sole purpose of programming logic devices manufactured by
Intel and sold by Intel or its authorized distributors.  Please
refer to the applicable agreement for further details, at
https://fpgasoftware.intel.com/eula.



+-------------------------------------------------------------------------------------+
; Analysis & Synthesis Summary                                                        ;
+------------------------------------+------------------------------------------------+
; Analysis & Synthesis Status        ; Successful - Sat Jun 10 12:06:29 2023          ;
; Quartus Prime Version              ; 22.1std.1 Build 917 02/14/2023 SC Lite Edition ;
; Revision Name                      ; TP2                                            ;
; Top-level Entity Name              ; TP2                                            ;
; Family                             ; Cyclone IV E                                   ;
; Total logic elements               ; 3,757                                          ;
;     Total combinational functions  ; 2,705                                          ;
;     Dedicated logic registers      ; 1,227                                          ;
; Total registers                    ; 1227                                           ;
; Total pins                         ; 5                                              ;
; Total virtual pins                 ; 441                                            ;
; Total memory bits                  ; 40,960                                         ;
; Embedded Multiplier 9-bit elements ; 0                                              ;
; Total PLLs                         ; 0                                              ;
+------------------------------------+------------------------------------------------+


+------------------------------------------------------------------------------------------------------------+
; Analysis & Synthesis Settings                                                                              ;
+------------------------------------------------------------------+--------------------+--------------------+
; Option                                                           ; Setting            ; Default Value      ;
+------------------------------------------------------------------+--------------------+--------------------+
; Device                                                           ; EP4CE22F17C6       ;                    ;
; Top-level entity name                                            ; TP2                ; TP2                ;
; Family name                                                      ; Cyclone IV E       ; Cyclone V          ;
; Use smart compilation                                            ; Off                ; Off                ;
; Enable parallel Assembler and Timing Analyzer during compilation ; On                 ; On                 ;
; Enable compact report table                                      ; Off                ; Off                ;
; Restructure Multiplexers                                         ; Auto               ; Auto               ;
; Create Debugging Nodes for IP Cores                              ; Off                ; Off                ;
; Preserve fewer node names                                        ; On                 ; On                 ;
; Intel FPGA IP Evaluation Mode                                    ; Enable             ; Enable             ;
; Verilog Version                                                  ; Verilog_2001       ; Verilog_2001       ;
; VHDL Version                                                     ; VHDL_1993          ; VHDL_1993          ;
; State Machine Processing                                         ; Auto               ; Auto               ;
; Safe State Machine                                               ; Off                ; Off                ;
; Extract Verilog State Machines                                   ; On                 ; On                 ;
; Extract VHDL State Machines                                      ; On                 ; On                 ;
; Ignore Verilog initial constructs                                ; Off                ; Off                ;
; Iteration limit for constant Verilog loops                       ; 5000               ; 5000               ;
; Iteration limit for non-constant Verilog loops                   ; 250                ; 250                ;
; Add Pass-Through Logic to Inferred RAMs                          ; On                 ; On                 ;
; Infer RAMs from Raw Logic                                        ; On                 ; On                 ;
; Parallel Synthesis                                               ; On                 ; On                 ;
; DSP Block Balancing                                              ; Auto               ; Auto               ;
; NOT Gate Push-Back                                               ; On                 ; On                 ;
; Power-Up Don't Care                                              ; On                 ; On                 ;
; Remove Redundant Logic Cells                                     ; Off                ; Off                ;
; Remove Duplicate Registers                                       ; On                 ; On                 ;
; Ignore CARRY Buffers                                             ; Off                ; Off                ;
; Ignore CASCADE Buffers                                           ; Off                ; Off                ;
; Ignore GLOBAL Buffers                                            ; Off                ; Off                ;
; Ignore ROW GLOBAL Buffers                                        ; Off                ; Off                ;
; Ignore LCELL Buffers                                             ; Off                ; Off                ;
; Ignore SOFT Buffers                                              ; On                 ; On                 ;
; Limit AHDL Integers to 32 Bits                                   ; Off                ; Off                ;
; Optimization Technique                                           ; Balanced           ; Balanced           ;
; Carry Chain Length                                               ; 70                 ; 70                 ;
; Auto Carry Chains                                                ; On                 ; On                 ;
; Auto Open-Drain Pins                                             ; On                 ; On                 ;
; Perform WYSIWYG Primitive Resynthesis                            ; Off                ; Off                ;
; Auto ROM Replacement                                             ; On                 ; On                 ;
; Auto RAM Replacement                                             ; On                 ; On                 ;
; Auto DSP Block Replacement                                       ; On                 ; On                 ;
; Auto Shift Register Replacement                                  ; Auto               ; Auto               ;
; Allow Shift Register Merging across Hierarchies                  ; Auto               ; Auto               ;
; Auto Clock Enable Replacement                                    ; On                 ; On                 ;
; Strict RAM Replacement                                           ; Off                ; Off                ;
; Allow Synchronous Control Signals                                ; On                 ; On                 ;
; Force Use of Synchronous Clear Signals                           ; Off                ; Off                ;
; Auto RAM Block Balancing                                         ; On                 ; On                 ;
; Auto RAM to Logic Cell Conversion                                ; Off                ; Off                ;
; Auto Resource Sharing                                            ; Off                ; Off                ;
; Allow Any RAM Size For Recognition                               ; Off                ; Off                ;
; Allow Any ROM Size For Recognition                               ; Off                ; Off                ;
; Allow Any Shift Register Size For Recognition                    ; Off                ; Off                ;
; Use LogicLock Constraints during Resource Balancing              ; On                 ; On                 ;
; Ignore translate_off and synthesis_off directives                ; Off                ; Off                ;
; Timing-Driven Synthesis                                          ; On                 ; On                 ;
; Report Parameter Settings                                        ; On                 ; On                 ;
; Report Source Assignments                                        ; On                 ; On                 ;
; Report Connectivity Checks                                       ; On                 ; On                 ;
; Ignore Maximum Fan-Out Assignments                               ; Off                ; Off                ;
; Synchronization Register Chain Length                            ; 2                  ; 2                  ;
; Power Optimization During Synthesis                              ; Normal compilation ; Normal compilation ;
; HDL message level                                                ; Level2             ; Level2             ;
; Suppress Register Optimization Related Messages                  ; Off                ; Off                ;
; Number of Removed Registers Reported in Synthesis Report         ; 5000               ; 5000               ;
; Number of Swept Nodes Reported in Synthesis Report               ; 5000               ; 5000               ;
; Number of Inverted Registers Reported in Synthesis Report        ; 100                ; 100                ;
; Clock MUX Protection                                             ; On                 ; On                 ;
; Auto Gated Clock Conversion                                      ; Off                ; Off                ;
; Block Design Naming                                              ; Auto               ; Auto               ;
; SDC constraint protection                                        ; Off                ; Off                ;
; Synthesis Effort                                                 ; Auto               ; Auto               ;
; Shift Register Replacement - Allow Asynchronous Clear Signal     ; On                 ; On                 ;
; Pre-Mapping Resynthesis Optimization                             ; Off                ; Off                ;
; Analysis & Synthesis Message Level                               ; Medium             ; Medium             ;
; Disable Register Merging Across Hierarchies                      ; Auto               ; Auto               ;
; Resource Aware Inference For Block RAM                           ; On                 ; On                 ;
+------------------------------------------------------------------+--------------------+--------------------+


+------------------------------------------+
; Parallel Compilation                     ;
+----------------------------+-------------+
; Processors                 ; Number      ;
+----------------------------+-------------+
; Number detected on machine ; 12          ;
; Maximum allowed            ; 6           ;
;                            ;             ;
; Average used               ; 1.00        ;
; Maximum used               ; 6           ;
;                            ;             ;
; Usage by Processor         ; % Time Used ;
;     Processor 1            ; 100.0%      ;
;     Processor 2            ;   0.1%      ;
;     Processor 3            ;   0.1%      ;
;     Processor 4            ;   0.1%      ;
;     Processor 5            ;   0.1%      ;
;     Processor 6            ;   0.1%      ;
+----------------------------+-------------+


+-------------------------------------------------------------------------------------------------------------------------------------------------------------------------------------+
; Analysis & Synthesis Source Files Read                                                                                                                                              ;
+----------------------------------+-----------------+------------------------------------+---------------------------------------------------------------------------------+---------+
; File Name with User-Entered Path ; Used in Netlist ; File Type                          ; File Name with Absolute Path                                                    ; Library ;
+----------------------------------+-----------------+------------------------------------+---------------------------------------------------------------------------------+---------+
; HALTCtrl.v                       ; yes             ; User Verilog HDL File              ; C:/Users/sergi/OneDrive - ITBA/SAP-TAB/Electro V/E5_TP2/HALTCtrl.v              ;         ;
; prog_mem.mif                     ; yes             ; User Memory Initialization File    ; C:/Users/sergi/OneDrive - ITBA/SAP-TAB/Electro V/E5_TP2/prog_mem.mif            ;         ;
; Prog_mem.v                       ; yes             ; User Wizard-Generated File         ; C:/Users/sergi/OneDrive - ITBA/SAP-TAB/Electro V/E5_TP2/Prog_mem.v              ;         ;
; TP2.bdf                          ; yes             ; User Block Diagram/Schematic File  ; C:/Users/sergi/OneDrive - ITBA/SAP-TAB/Electro V/E5_TP2/TP2.bdf                 ;         ;
; ifu.v                            ; yes             ; User Verilog HDL File              ; C:/Users/sergi/OneDrive - ITBA/SAP-TAB/Electro V/E5_TP2/ifu.v                   ;         ;
; decoder.v                        ; yes             ; User Verilog HDL File              ; C:/Users/sergi/OneDrive - ITBA/SAP-TAB/Electro V/E5_TP2/decoder.v               ;         ;
; alu.v                            ; yes             ; User Verilog HDL File              ; C:/Users/sergi/OneDrive - ITBA/SAP-TAB/Electro V/E5_TP2/alu.v                   ;         ;
; latch32.v                        ; yes             ; User Verilog HDL File              ; C:/Users/sergi/OneDrive - ITBA/SAP-TAB/Electro V/E5_TP2/latch32.v               ;         ;
; reg_bank.v                       ; yes             ; User Verilog HDL File              ; C:/Users/sergi/OneDrive - ITBA/SAP-TAB/Electro V/E5_TP2/reg_bank.v              ;         ;
; latchDec.v                       ; yes             ; User Verilog HDL File              ; C:/Users/sergi/OneDrive - ITBA/SAP-TAB/Electro V/E5_TP2/latchDec.v              ;         ;
; latchAluIn.v                     ; yes             ; User Verilog HDL File              ; C:/Users/sergi/OneDrive - ITBA/SAP-TAB/Electro V/E5_TP2/latchAluIn.v            ;         ;
; latch5.v                         ; yes             ; User Verilog HDL File              ; C:/Users/sergi/OneDrive - ITBA/SAP-TAB/Electro V/E5_TP2/latch5.v                ;         ;
; ram.v                            ; yes             ; User Wizard-Generated File         ; C:/Users/sergi/OneDrive - ITBA/SAP-TAB/Electro V/E5_TP2/ram.v                   ;         ;
; altsyncram.tdf                   ; yes             ; Megafunction                       ; f:/intelfpga_lite/22.1std/quartus/libraries/megafunctions/altsyncram.tdf        ;         ;
; stratix_ram_block.inc            ; yes             ; Megafunction                       ; f:/intelfpga_lite/22.1std/quartus/libraries/megafunctions/stratix_ram_block.inc ;         ;
; lpm_mux.inc                      ; yes             ; Megafunction                       ; f:/intelfpga_lite/22.1std/quartus/libraries/megafunctions/lpm_mux.inc           ;         ;
; lpm_decode.inc                   ; yes             ; Megafunction                       ; f:/intelfpga_lite/22.1std/quartus/libraries/megafunctions/lpm_decode.inc        ;         ;
; aglobal221.inc                   ; yes             ; Megafunction                       ; f:/intelfpga_lite/22.1std/quartus/libraries/megafunctions/aglobal221.inc        ;         ;
; a_rdenreg.inc                    ; yes             ; Megafunction                       ; f:/intelfpga_lite/22.1std/quartus/libraries/megafunctions/a_rdenreg.inc         ;         ;
; altrom.inc                       ; yes             ; Megafunction                       ; f:/intelfpga_lite/22.1std/quartus/libraries/megafunctions/altrom.inc            ;         ;
; altram.inc                       ; yes             ; Megafunction                       ; f:/intelfpga_lite/22.1std/quartus/libraries/megafunctions/altram.inc            ;         ;
; altdpram.inc                     ; yes             ; Megafunction                       ; f:/intelfpga_lite/22.1std/quartus/libraries/megafunctions/altdpram.inc          ;         ;
; db/altsyncram_h2b1.tdf           ; yes             ; Auto-Generated Megafunction        ; C:/Users/sergi/OneDrive - ITBA/SAP-TAB/Electro V/E5_TP2/db/altsyncram_h2b1.tdf  ;         ;
; busmux.tdf                       ; yes             ; Megafunction                       ; f:/intelfpga_lite/22.1std/quartus/libraries/megafunctions/busmux.tdf            ;         ;
; lpm_mux.tdf                      ; yes             ; Megafunction                       ; f:/intelfpga_lite/22.1std/quartus/libraries/megafunctions/lpm_mux.tdf           ;         ;
; muxlut.inc                       ; yes             ; Megafunction                       ; f:/intelfpga_lite/22.1std/quartus/libraries/megafunctions/muxlut.inc            ;         ;
; bypassff.inc                     ; yes             ; Megafunction                       ; f:/intelfpga_lite/22.1std/quartus/libraries/megafunctions/bypassff.inc          ;         ;
; altshift.inc                     ; yes             ; Megafunction                       ; f:/intelfpga_lite/22.1std/quartus/libraries/megafunctions/altshift.inc          ;         ;
; db/mux_brc.tdf                   ; yes             ; Auto-Generated Megafunction        ; C:/Users/sergi/OneDrive - ITBA/SAP-TAB/Electro V/E5_TP2/db/mux_brc.tdf          ;         ;
; db/altsyncram_3ef1.tdf           ; yes             ; Auto-Generated Megafunction        ; C:/Users/sergi/OneDrive - ITBA/SAP-TAB/Electro V/E5_TP2/db/altsyncram_3ef1.tdf  ;         ;
+----------------------------------+-----------------+------------------------------------+---------------------------------------------------------------------------------+---------+


+---------------------------------------------------------+
; Analysis & Synthesis Resource Usage Summary             ;
+---------------------------------------------+-----------+
; Resource                                    ; Usage     ;
+---------------------------------------------+-----------+
; Estimated Total logic elements              ; 3,757     ;
;                                             ;           ;
; Total combinational functions               ; 2705      ;
; Logic element usage by number of LUT inputs ;           ;
;     -- 4 input functions                    ; 2037      ;
;     -- 3 input functions                    ; 558       ;
;     -- <=2 input functions                  ; 110       ;
;                                             ;           ;
; Logic elements by mode                      ;           ;
;     -- normal mode                          ; 2553      ;
;     -- arithmetic mode                      ; 152       ;
;                                             ;           ;
; Total registers                             ; 1227      ;
;     -- Dedicated logic registers            ; 1227      ;
;     -- I/O registers                        ; 0         ;
;                                             ;           ;
; Virtual pins                                ; 441       ;
; I/O pins                                    ; 5         ;
; Total memory bits                           ; 40960     ;
;                                             ;           ;
; Embedded Multiplier 9-bit elements          ; 0         ;
;                                             ;           ;
; Maximum fan-out node                        ; clk~input ;
; Maximum fan-out                             ; 1259      ;
; Total fan-out                               ; 14724     ;
; Average fan-out                             ; 3.31      ;
+---------------------------------------------+-----------+


+------------------------------------------------------------------------------------------------------------------------------------------------------------------------------------------------------------------------------------------------------------------------------------------+
; Analysis & Synthesis Resource Utilization by Entity                                                                                                                                                                                                                                      ;
+-------------------------------------------+---------------------+---------------------------+-------------+--------------+---------+-----------+------+--------------+----------------------------------------------------------------------------------+-----------------+--------------+
; Compilation Hierarchy Node                ; Combinational ALUTs ; Dedicated Logic Registers ; Memory Bits ; DSP Elements ; DSP 9x9 ; DSP 18x18 ; Pins ; Virtual Pins ; Full Hierarchy Name                                                              ; Entity Name     ; Library Name ;
+-------------------------------------------+---------------------+---------------------------+-------------+--------------+---------+-----------+------+--------------+----------------------------------------------------------------------------------+-----------------+--------------+
; |TP2                                      ; 2705 (0)            ; 1227 (0)                  ; 40960       ; 0            ; 0       ; 0         ; 5    ; 441          ; |TP2                                                                             ; TP2             ; work         ;
;    |HALTCtrl:inst1|                       ; 13 (13)             ; 6 (6)                     ; 0           ; 0            ; 0       ; 0         ; 0    ; 0            ; |TP2|HALTCtrl:inst1                                                              ; HALTCtrl        ; work         ;
;    |Prog_mem:ROM|                         ; 0 (0)               ; 0 (0)                     ; 32768       ; 0            ; 0       ; 0         ; 0    ; 0            ; |TP2|Prog_mem:ROM                                                                ; Prog_mem        ; work         ;
;       |altsyncram:altsyncram_component|   ; 0 (0)               ; 0 (0)                     ; 32768       ; 0            ; 0       ; 0         ; 0    ; 0            ; |TP2|Prog_mem:ROM|altsyncram:altsyncram_component                                ; altsyncram      ; work         ;
;          |altsyncram_h2b1:auto_generated| ; 0 (0)               ; 0 (0)                     ; 32768       ; 0            ; 0       ; 0         ; 0    ; 0            ; |TP2|Prog_mem:ROM|altsyncram:altsyncram_component|altsyncram_h2b1:auto_generated ; altsyncram_h2b1 ; work         ;
;    |alu:ALU|                              ; 1225 (1225)         ; 0 (0)                     ; 0           ; 0            ; 0       ; 0         ; 0    ; 0            ; |TP2|alu:ALU                                                                     ; alu             ; work         ;
;    |busmux:mux_rd|                        ; 5 (0)               ; 0 (0)                     ; 0           ; 0            ; 0       ; 0         ; 0    ; 0            ; |TP2|busmux:mux_rd                                                               ; busmux          ; work         ;
;       |lpm_mux:$00000|                    ; 5 (0)               ; 0 (0)                     ; 0           ; 0            ; 0       ; 0         ; 0    ; 0            ; |TP2|busmux:mux_rd|lpm_mux:$00000                                                ; lpm_mux         ; work         ;
;          |mux_brc:auto_generated|         ; 5 (5)               ; 0 (0)                     ; 0           ; 0            ; 0       ; 0         ; 0    ; 0            ; |TP2|busmux:mux_rd|lpm_mux:$00000|mux_brc:auto_generated                         ; mux_brc         ; work         ;
;    |decoder:DECODER|                      ; 41 (41)             ; 0 (0)                     ; 0           ; 0            ; 0       ; 0         ; 0    ; 0            ; |TP2|decoder:DECODER                                                             ; decoder         ; work         ;
;    |ifu:IFU|                              ; 30 (30)             ; 62 (62)                   ; 0           ; 0            ; 0       ; 0         ; 0    ; 0            ; |TP2|ifu:IFU                                                                     ; ifu             ; work         ;
;    |latch32:LATCH_busA|                   ; 0 (0)               ; 32 (32)                   ; 0           ; 0            ; 0       ; 0         ; 0    ; 0            ; |TP2|latch32:LATCH_busA                                                          ; latch32         ; work         ;
;    |latch32:LATCH_busB|                   ; 0 (0)               ; 32 (32)                   ; 0           ; 0            ; 0       ; 0         ; 0    ; 0            ; |TP2|latch32:LATCH_busB                                                          ; latch32         ; work         ;
;    |latch32:LATCH_busC|                   ; 0 (0)               ; 32 (32)                   ; 0           ; 0            ; 0       ; 0         ; 0    ; 0            ; |TP2|latch32:LATCH_busC                                                          ; latch32         ; work         ;
;    |latch5:LATCH_rd1|                     ; 0 (0)               ; 5 (5)                     ; 0           ; 0            ; 0       ; 0         ; 0    ; 0            ; |TP2|latch5:LATCH_rd1                                                            ; latch5          ; work         ;
;    |latch5:LATCH_rd22|                    ; 0 (0)               ; 5 (5)                     ; 0           ; 0            ; 0       ; 0         ; 0    ; 0            ; |TP2|latch5:LATCH_rd22                                                           ; latch5          ; work         ;
;    |latchAluIn:LATCH_aluIn|               ; 0 (0)               ; 23 (23)                   ; 0           ; 0            ; 0       ; 0         ; 0    ; 0            ; |TP2|latchAluIn:LATCH_aluIn                                                      ; latchAluIn      ; work         ;
;    |latchDec:LATCH_DEC|                   ; 0 (0)               ; 38 (38)                   ; 0           ; 0            ; 0       ; 0         ; 0    ; 0            ; |TP2|latchDec:LATCH_DEC                                                          ; latchDec        ; work         ;
;    |ram:RAM|                              ; 0 (0)               ; 0 (0)                     ; 8192        ; 0            ; 0       ; 0         ; 0    ; 0            ; |TP2|ram:RAM                                                                     ; ram             ; work         ;
;       |altsyncram:altsyncram_component|   ; 0 (0)               ; 0 (0)                     ; 8192        ; 0            ; 0       ; 0         ; 0    ; 0            ; |TP2|ram:RAM|altsyncram:altsyncram_component                                     ; altsyncram      ; work         ;
;          |altsyncram_3ef1:auto_generated| ; 0 (0)               ; 0 (0)                     ; 8192        ; 0            ; 0       ; 0         ; 0    ; 0            ; |TP2|ram:RAM|altsyncram:altsyncram_component|altsyncram_3ef1:auto_generated      ; altsyncram_3ef1 ; work         ;
;    |reg_bank:REG_BANK|                    ; 1391 (1391)         ; 992 (992)                 ; 0           ; 0            ; 0       ; 0         ; 0    ; 0            ; |TP2|reg_bank:REG_BANK                                                           ; reg_bank        ; work         ;
+-------------------------------------------+---------------------+---------------------------+-------------+--------------+---------+-----------+------+--------------+----------------------------------------------------------------------------------+-----------------+--------------+
Note: For table entries with two numbers listed, the numbers in parentheses indicate the number of resources of the given type used by the specific entity alone. The numbers listed outside of parentheses indicate the total resources of the given type used by the specific entity and all of its sub-entities in the hierarchy.


+------------------------------------------------------------------------------------------------------------------------------------------------------------------------------------------------+
; Analysis & Synthesis RAM Summary                                                                                                                                                               ;
+----------------------------------------------------------------------------------------+------+-------------+--------------+--------------+--------------+--------------+-------+--------------+
; Name                                                                                   ; Type ; Mode        ; Port A Depth ; Port A Width ; Port B Depth ; Port B Width ; Size  ; MIF          ;
+----------------------------------------------------------------------------------------+------+-------------+--------------+--------------+--------------+--------------+-------+--------------+
; Prog_mem:ROM|altsyncram:altsyncram_component|altsyncram_h2b1:auto_generated|ALTSYNCRAM ; AUTO ; ROM         ; 1024         ; 32           ; --           ; --           ; 32768 ; prog_mem.mif ;
; ram:RAM|altsyncram:altsyncram_component|altsyncram_3ef1:auto_generated|ALTSYNCRAM      ; AUTO ; Single Port ; 256          ; 32           ; --           ; --           ; 8192  ; None         ;
+----------------------------------------------------------------------------------------+------+-------------+--------------+--------------+--------------+--------------+-------+--------------+


+-----------------------------------------------------------------------------------------------------+
; Analysis & Synthesis IP Cores Summary                                                               ;
+--------+--------------+---------+--------------+--------------+-------------------+-----------------+
; Vendor ; IP Core Name ; Version ; Release Date ; License Type ; Entity Instance   ; IP Include File ;
+--------+--------------+---------+--------------+--------------+-------------------+-----------------+
; Altera ; RAM: 1-PORT  ; 22.1    ; N/A          ; N/A          ; |TP2|ram:RAM      ; ram.v           ;
; Altera ; ROM: 1-PORT  ; 22.1    ; N/A          ; N/A          ; |TP2|Prog_mem:ROM ; Prog_mem.v      ;
+--------+--------------+---------+--------------+--------------+-------------------+-----------------+


+--------------------------------------------------------------------------------------+
; Registers Removed During Synthesis                                                   ;
+----------------------------------------+---------------------------------------------+
; Register name                          ; Reason for Removal                          ;
+----------------------------------------+---------------------------------------------+
; latchDec:LATCH_DEC|selOut_[5]          ; Stuck at GND due to stuck port data_in      ;
; latchDec:LATCH_DEC|selA_[5]            ; Stuck at GND due to stuck port data_in      ;
; HALTCtrl:inst1|prev_rd[5]              ; Stuck at GND due to stuck port data_in      ;
; ifu:IFU|currPC[1]                      ; Merged with ifu:IFU|currPC[0]               ;
; latchAluIn:LATCH_aluIn|imm_[12..31]    ; Merged with latchAluIn:LATCH_aluIn|imm_[11] ;
; latchDec:LATCH_DEC|imm_[12..31]        ; Merged with latchDec:LATCH_DEC|imm_[11]     ;
; ifu:IFU|currPC[0]                      ; Stuck at GND due to stuck port data_in      ;
; reg_bank:REG_BANK|banco[0][31]         ; Stuck at GND due to stuck port clock_enable ;
; reg_bank:REG_BANK|banco[0][30]         ; Stuck at GND due to stuck port clock_enable ;
; reg_bank:REG_BANK|banco[0][29]         ; Stuck at GND due to stuck port clock_enable ;
; reg_bank:REG_BANK|banco[0][28]         ; Stuck at GND due to stuck port clock_enable ;
; reg_bank:REG_BANK|banco[0][27]         ; Stuck at GND due to stuck port clock_enable ;
; reg_bank:REG_BANK|banco[0][26]         ; Stuck at GND due to stuck port clock_enable ;
; reg_bank:REG_BANK|banco[0][25]         ; Stuck at GND due to stuck port clock_enable ;
; reg_bank:REG_BANK|banco[0][24]         ; Stuck at GND due to stuck port clock_enable ;
; reg_bank:REG_BANK|banco[0][23]         ; Stuck at GND due to stuck port clock_enable ;
; reg_bank:REG_BANK|banco[0][22]         ; Stuck at GND due to stuck port clock_enable ;
; reg_bank:REG_BANK|banco[0][21]         ; Stuck at GND due to stuck port clock_enable ;
; reg_bank:REG_BANK|banco[0][20]         ; Stuck at GND due to stuck port clock_enable ;
; reg_bank:REG_BANK|banco[0][19]         ; Stuck at GND due to stuck port clock_enable ;
; reg_bank:REG_BANK|banco[0][18]         ; Stuck at GND due to stuck port clock_enable ;
; reg_bank:REG_BANK|banco[0][17]         ; Stuck at GND due to stuck port clock_enable ;
; reg_bank:REG_BANK|banco[0][16]         ; Stuck at GND due to stuck port clock_enable ;
; reg_bank:REG_BANK|banco[0][15]         ; Stuck at GND due to stuck port clock_enable ;
; reg_bank:REG_BANK|banco[0][14]         ; Stuck at GND due to stuck port clock_enable ;
; reg_bank:REG_BANK|banco[0][13]         ; Stuck at GND due to stuck port clock_enable ;
; reg_bank:REG_BANK|banco[0][12]         ; Stuck at GND due to stuck port clock_enable ;
; reg_bank:REG_BANK|banco[0][11]         ; Stuck at GND due to stuck port clock_enable ;
; reg_bank:REG_BANK|banco[0][10]         ; Stuck at GND due to stuck port clock_enable ;
; reg_bank:REG_BANK|banco[0][9]          ; Stuck at GND due to stuck port clock_enable ;
; reg_bank:REG_BANK|banco[0][8]          ; Stuck at GND due to stuck port clock_enable ;
; reg_bank:REG_BANK|banco[0][7]          ; Stuck at GND due to stuck port clock_enable ;
; reg_bank:REG_BANK|banco[0][6]          ; Stuck at GND due to stuck port clock_enable ;
; reg_bank:REG_BANK|banco[0][5]          ; Stuck at GND due to stuck port clock_enable ;
; reg_bank:REG_BANK|banco[0][4]          ; Stuck at GND due to stuck port clock_enable ;
; reg_bank:REG_BANK|banco[0][3]          ; Stuck at GND due to stuck port clock_enable ;
; reg_bank:REG_BANK|banco[0][2]          ; Stuck at GND due to stuck port clock_enable ;
; reg_bank:REG_BANK|banco[0][1]          ; Stuck at GND due to stuck port clock_enable ;
; reg_bank:REG_BANK|banco[0][0]          ; Stuck at GND due to stuck port clock_enable ;
; Total Number of Removed Registers = 77 ;                                             ;
+----------------------------------------+---------------------------------------------+


+------------------------------------------------------+
; General Register Statistics                          ;
+----------------------------------------------+-------+
; Statistic                                    ; Value ;
+----------------------------------------------+-------+
; Total registers                              ; 1227  ;
; Number of registers using Synchronous Clear  ; 0     ;
; Number of registers using Synchronous Load   ; 0     ;
; Number of registers using Asynchronous Clear ; 0     ;
; Number of registers using Asynchronous Load  ; 0     ;
; Number of registers using Clock Enable       ; 1092  ;
; Number of registers using Preset             ; 0     ;
+----------------------------------------------+-------+


+--------------------------------------------------------------------------------------------------------------------------------------------+
; Multiplexer Restructuring Statistics (Restructuring Performed)                                                                             ;
+--------------------+-----------+---------------+----------------------+------------------------+------------+------------------------------+
; Multiplexer Inputs ; Bus Width ; Baseline Area ; Area if Restructured ; Saving if Restructured ; Registered ; Example Multiplexer Output   ;
+--------------------+-----------+---------------+----------------------+------------------------+------------+------------------------------+
; 32:1               ; 32 bits   ; 672 LEs       ; 672 LEs              ; 0 LEs                  ; No         ; |TP2|reg_bank:REG_BANK|Mux22 ;
; 32:1               ; 32 bits   ; 672 LEs       ; 672 LEs              ; 0 LEs                  ; No         ; |TP2|reg_bank:REG_BANK|Mux39 ;
; 26:1               ; 7 bits    ; 119 LEs       ; 112 LEs              ; 7 LEs                  ; No         ; |TP2|alu:ALU|out[23]         ;
; 24:1               ; 7 bits    ; 112 LEs       ; 105 LEs              ; 7 LEs                  ; No         ; |TP2|alu:ALU|out[14]         ;
; 28:1               ; 4 bits    ; 72 LEs        ; 68 LEs               ; 4 LEs                  ; No         ; |TP2|alu:ALU|out[27]         ;
; 26:1               ; 4 bits    ; 68 LEs        ; 64 LEs               ; 4 LEs                  ; No         ; |TP2|alu:ALU|out[4]          ;
; 30:1               ; 2 bits    ; 40 LEs        ; 36 LEs               ; 4 LEs                  ; No         ; |TP2|alu:ALU|out[29]         ;
; 28:1               ; 2 bits    ; 36 LEs        ; 36 LEs               ; 0 LEs                  ; No         ; |TP2|alu:ALU|out[2]          ;
+--------------------+-----------+---------------+----------------------+------------------------+------------+------------------------------+


+----------------------------------------------------------------------------------------------------+
; Source assignments for Prog_mem:ROM|altsyncram:altsyncram_component|altsyncram_h2b1:auto_generated ;
+---------------------------------+--------------------+------+--------------------------------------+
; Assignment                      ; Value              ; From ; To                                   ;
+---------------------------------+--------------------+------+--------------------------------------+
; OPTIMIZE_POWER_DURING_SYNTHESIS ; NORMAL_COMPILATION ; -    ; -                                    ;
+---------------------------------+--------------------+------+--------------------------------------+


+-----------------------------------------------------------------------------------------------+
; Source assignments for ram:RAM|altsyncram:altsyncram_component|altsyncram_3ef1:auto_generated ;
+---------------------------------+--------------------+------+---------------------------------+
; Assignment                      ; Value              ; From ; To                              ;
+---------------------------------+--------------------+------+---------------------------------+
; OPTIMIZE_POWER_DURING_SYNTHESIS ; NORMAL_COMPILATION ; -    ; -                               ;
+---------------------------------+--------------------+------+---------------------------------+


+-------------------------------------------------------------------------------------------+
; Parameter Settings for User Entity Instance: Prog_mem:ROM|altsyncram:altsyncram_component ;
+------------------------------------+----------------------+-------------------------------+
; Parameter Name                     ; Value                ; Type                          ;
+------------------------------------+----------------------+-------------------------------+
; BYTE_SIZE_BLOCK                    ; 8                    ; Untyped                       ;
; AUTO_CARRY_CHAINS                  ; ON                   ; AUTO_CARRY                    ;
; IGNORE_CARRY_BUFFERS               ; OFF                  ; IGNORE_CARRY                  ;
; AUTO_CASCADE_CHAINS                ; ON                   ; AUTO_CASCADE                  ;
; IGNORE_CASCADE_BUFFERS             ; OFF                  ; IGNORE_CASCADE                ;
; WIDTH_BYTEENA                      ; 1                    ; Untyped                       ;
; OPERATION_MODE                     ; ROM                  ; Untyped                       ;
; WIDTH_A                            ; 32                   ; Signed Integer                ;
; WIDTHAD_A                          ; 10                   ; Signed Integer                ;
; NUMWORDS_A                         ; 1024                 ; Signed Integer                ;
; OUTDATA_REG_A                      ; UNREGISTERED         ; Untyped                       ;
; ADDRESS_ACLR_A                     ; NONE                 ; Untyped                       ;
; OUTDATA_ACLR_A                     ; NONE                 ; Untyped                       ;
; WRCONTROL_ACLR_A                   ; NONE                 ; Untyped                       ;
; INDATA_ACLR_A                      ; NONE                 ; Untyped                       ;
; BYTEENA_ACLR_A                     ; NONE                 ; Untyped                       ;
; WIDTH_B                            ; 1                    ; Untyped                       ;
; WIDTHAD_B                          ; 1                    ; Untyped                       ;
; NUMWORDS_B                         ; 1                    ; Untyped                       ;
; INDATA_REG_B                       ; CLOCK1               ; Untyped                       ;
; WRCONTROL_WRADDRESS_REG_B          ; CLOCK1               ; Untyped                       ;
; RDCONTROL_REG_B                    ; CLOCK1               ; Untyped                       ;
; ADDRESS_REG_B                      ; CLOCK1               ; Untyped                       ;
; OUTDATA_REG_B                      ; UNREGISTERED         ; Untyped                       ;
; BYTEENA_REG_B                      ; CLOCK1               ; Untyped                       ;
; INDATA_ACLR_B                      ; NONE                 ; Untyped                       ;
; WRCONTROL_ACLR_B                   ; NONE                 ; Untyped                       ;
; ADDRESS_ACLR_B                     ; NONE                 ; Untyped                       ;
; OUTDATA_ACLR_B                     ; NONE                 ; Untyped                       ;
; RDCONTROL_ACLR_B                   ; NONE                 ; Untyped                       ;
; BYTEENA_ACLR_B                     ; NONE                 ; Untyped                       ;
; WIDTH_BYTEENA_A                    ; 1                    ; Signed Integer                ;
; WIDTH_BYTEENA_B                    ; 1                    ; Untyped                       ;
; RAM_BLOCK_TYPE                     ; AUTO                 ; Untyped                       ;
; BYTE_SIZE                          ; 8                    ; Untyped                       ;
; READ_DURING_WRITE_MODE_MIXED_PORTS ; DONT_CARE            ; Untyped                       ;
; READ_DURING_WRITE_MODE_PORT_A      ; NEW_DATA_NO_NBE_READ ; Untyped                       ;
; READ_DURING_WRITE_MODE_PORT_B      ; NEW_DATA_NO_NBE_READ ; Untyped                       ;
; INIT_FILE                          ; prog_mem.mif         ; Untyped                       ;
; INIT_FILE_LAYOUT                   ; PORT_A               ; Untyped                       ;
; MAXIMUM_DEPTH                      ; 0                    ; Untyped                       ;
; CLOCK_ENABLE_INPUT_A               ; NORMAL               ; Untyped                       ;
; CLOCK_ENABLE_INPUT_B               ; NORMAL               ; Untyped                       ;
; CLOCK_ENABLE_OUTPUT_A              ; BYPASS               ; Untyped                       ;
; CLOCK_ENABLE_OUTPUT_B              ; NORMAL               ; Untyped                       ;
; CLOCK_ENABLE_CORE_A                ; USE_INPUT_CLKEN      ; Untyped                       ;
; CLOCK_ENABLE_CORE_B                ; USE_INPUT_CLKEN      ; Untyped                       ;
; ENABLE_ECC                         ; FALSE                ; Untyped                       ;
; ECC_PIPELINE_STAGE_ENABLED         ; FALSE                ; Untyped                       ;
; WIDTH_ECCSTATUS                    ; 3                    ; Untyped                       ;
; DEVICE_FAMILY                      ; Cyclone IV E         ; Untyped                       ;
; CBXI_PARAMETER                     ; altsyncram_h2b1      ; Untyped                       ;
+------------------------------------+----------------------+-------------------------------+
Note: In order to hide this table in the UI and the text report file, please set the "Show Parameter Settings in Synthesis Report" option in "Analysis and Synthesis Settings -> More Settings" to "Off".


+------------------------------------------------------------+
; Parameter Settings for User Entity Instance: BUSMUX:mux_rd ;
+----------------+-------+-----------------------------------+
; Parameter Name ; Value ; Type                              ;
+----------------+-------+-----------------------------------+
; WIDTH          ; 5     ; Signed Integer                    ;
+----------------+-------+-----------------------------------+
Note: In order to hide this table in the UI and the text report file, please set the "Show Parameter Settings in Synthesis Report" option in "Analysis and Synthesis Settings -> More Settings" to "Off".


+--------------------------------------------------------------------------------------+
; Parameter Settings for User Entity Instance: ram:RAM|altsyncram:altsyncram_component ;
+------------------------------------+----------------------+--------------------------+
; Parameter Name                     ; Value                ; Type                     ;
+------------------------------------+----------------------+--------------------------+
; BYTE_SIZE_BLOCK                    ; 8                    ; Untyped                  ;
; AUTO_CARRY_CHAINS                  ; ON                   ; AUTO_CARRY               ;
; IGNORE_CARRY_BUFFERS               ; OFF                  ; IGNORE_CARRY             ;
; AUTO_CASCADE_CHAINS                ; ON                   ; AUTO_CASCADE             ;
; IGNORE_CASCADE_BUFFERS             ; OFF                  ; IGNORE_CASCADE           ;
; WIDTH_BYTEENA                      ; 1                    ; Untyped                  ;
; OPERATION_MODE                     ; SINGLE_PORT          ; Untyped                  ;
; WIDTH_A                            ; 32                   ; Signed Integer           ;
; WIDTHAD_A                          ; 8                    ; Signed Integer           ;
; NUMWORDS_A                         ; 256                  ; Signed Integer           ;
; OUTDATA_REG_A                      ; CLOCK1               ; Untyped                  ;
; ADDRESS_ACLR_A                     ; NONE                 ; Untyped                  ;
; OUTDATA_ACLR_A                     ; NONE                 ; Untyped                  ;
; WRCONTROL_ACLR_A                   ; NONE                 ; Untyped                  ;
; INDATA_ACLR_A                      ; NONE                 ; Untyped                  ;
; BYTEENA_ACLR_A                     ; NONE                 ; Untyped                  ;
; WIDTH_B                            ; 1                    ; Untyped                  ;
; WIDTHAD_B                          ; 1                    ; Untyped                  ;
; NUMWORDS_B                         ; 1                    ; Untyped                  ;
; INDATA_REG_B                       ; CLOCK1               ; Untyped                  ;
; WRCONTROL_WRADDRESS_REG_B          ; CLOCK1               ; Untyped                  ;
; RDCONTROL_REG_B                    ; CLOCK1               ; Untyped                  ;
; ADDRESS_REG_B                      ; CLOCK1               ; Untyped                  ;
; OUTDATA_REG_B                      ; UNREGISTERED         ; Untyped                  ;
; BYTEENA_REG_B                      ; CLOCK1               ; Untyped                  ;
; INDATA_ACLR_B                      ; NONE                 ; Untyped                  ;
; WRCONTROL_ACLR_B                   ; NONE                 ; Untyped                  ;
; ADDRESS_ACLR_B                     ; NONE                 ; Untyped                  ;
; OUTDATA_ACLR_B                     ; NONE                 ; Untyped                  ;
; RDCONTROL_ACLR_B                   ; NONE                 ; Untyped                  ;
; BYTEENA_ACLR_B                     ; NONE                 ; Untyped                  ;
; WIDTH_BYTEENA_A                    ; 1                    ; Signed Integer           ;
; WIDTH_BYTEENA_B                    ; 1                    ; Untyped                  ;
; RAM_BLOCK_TYPE                     ; AUTO                 ; Untyped                  ;
; BYTE_SIZE                          ; 8                    ; Untyped                  ;
; READ_DURING_WRITE_MODE_MIXED_PORTS ; DONT_CARE            ; Untyped                  ;
; READ_DURING_WRITE_MODE_PORT_A      ; NEW_DATA_NO_NBE_READ ; Untyped                  ;
; READ_DURING_WRITE_MODE_PORT_B      ; NEW_DATA_NO_NBE_READ ; Untyped                  ;
; INIT_FILE                          ; UNUSED               ; Untyped                  ;
; INIT_FILE_LAYOUT                   ; PORT_A               ; Untyped                  ;
; MAXIMUM_DEPTH                      ; 0                    ; Untyped                  ;
; CLOCK_ENABLE_INPUT_A               ; NORMAL               ; Untyped                  ;
; CLOCK_ENABLE_INPUT_B               ; NORMAL               ; Untyped                  ;
; CLOCK_ENABLE_OUTPUT_A              ; NORMAL               ; Untyped                  ;
; CLOCK_ENABLE_OUTPUT_B              ; NORMAL               ; Untyped                  ;
; CLOCK_ENABLE_CORE_A                ; USE_INPUT_CLKEN      ; Untyped                  ;
; CLOCK_ENABLE_CORE_B                ; USE_INPUT_CLKEN      ; Untyped                  ;
; ENABLE_ECC                         ; FALSE                ; Untyped                  ;
; ECC_PIPELINE_STAGE_ENABLED         ; FALSE                ; Untyped                  ;
; WIDTH_ECCSTATUS                    ; 3                    ; Untyped                  ;
; DEVICE_FAMILY                      ; Cyclone IV E         ; Untyped                  ;
; CBXI_PARAMETER                     ; altsyncram_3ef1      ; Untyped                  ;
+------------------------------------+----------------------+--------------------------+
Note: In order to hide this table in the UI and the text report file, please set the "Show Parameter Settings in Synthesis Report" option in "Analysis and Synthesis Settings -> More Settings" to "Off".


+------------------------------------------------------------------------------------------+
; altsyncram Parameter Settings by Entity Instance                                         ;
+-------------------------------------------+----------------------------------------------+
; Name                                      ; Value                                        ;
+-------------------------------------------+----------------------------------------------+
; Number of entity instances                ; 2                                            ;
; Entity Instance                           ; Prog_mem:ROM|altsyncram:altsyncram_component ;
;     -- OPERATION_MODE                     ; ROM                                          ;
;     -- WIDTH_A                            ; 32                                           ;
;     -- NUMWORDS_A                         ; 1024                                         ;
;     -- OUTDATA_REG_A                      ; UNREGISTERED                                 ;
;     -- WIDTH_B                            ; 1                                            ;
;     -- NUMWORDS_B                         ; 1                                            ;
;     -- ADDRESS_REG_B                      ; CLOCK1                                       ;
;     -- OUTDATA_REG_B                      ; UNREGISTERED                                 ;
;     -- RAM_BLOCK_TYPE                     ; AUTO                                         ;
;     -- READ_DURING_WRITE_MODE_MIXED_PORTS ; DONT_CARE                                    ;
; Entity Instance                           ; ram:RAM|altsyncram:altsyncram_component      ;
;     -- OPERATION_MODE                     ; SINGLE_PORT                                  ;
;     -- WIDTH_A                            ; 32                                           ;
;     -- NUMWORDS_A                         ; 256                                          ;
;     -- OUTDATA_REG_A                      ; CLOCK1                                       ;
;     -- WIDTH_B                            ; 1                                            ;
;     -- NUMWORDS_B                         ; 1                                            ;
;     -- ADDRESS_REG_B                      ; CLOCK1                                       ;
;     -- OUTDATA_REG_B                      ; UNREGISTERED                                 ;
;     -- RAM_BLOCK_TYPE                     ; AUTO                                         ;
;     -- READ_DURING_WRITE_MODE_MIXED_PORTS ; DONT_CARE                                    ;
+-------------------------------------------+----------------------------------------------+


+-----------------------------------------------------+
; Post-Synthesis Netlist Statistics for Top Partition ;
+-----------------------+-----------------------------+
; Type                  ; Count                       ;
+-----------------------+-----------------------------+
; boundary_port         ; 446                         ;
; cycloneiii_ff         ; 1227                        ;
;     ENA               ; 1092                        ;
;     plain             ; 135                         ;
; cycloneiii_lcell_comb ; 2706                        ;
;     arith             ; 152                         ;
;         2 data inputs ; 27                          ;
;         3 data inputs ; 125                         ;
;     normal            ; 2554                        ;
;         0 data inputs ; 1                           ;
;         1 data inputs ; 2                           ;
;         2 data inputs ; 81                          ;
;         3 data inputs ; 433                         ;
;         4 data inputs ; 2037                        ;
; cycloneiii_ram_block  ; 64                          ;
;                       ;                             ;
; Max LUT depth         ; 14.00                       ;
; Average LUT depth     ; 5.22                        ;
+-----------------------+-----------------------------+


+-------------------------------+
; Elapsed Time Per Partition    ;
+----------------+--------------+
; Partition Name ; Elapsed Time ;
+----------------+--------------+
; Top            ; 00:00:06     ;
+----------------+--------------+


+-------------------------------+
; Analysis & Synthesis Messages ;
+-------------------------------+
Info: *******************************************************************
Info: Running Quartus Prime Analysis & Synthesis
    Info: Version 22.1std.1 Build 917 02/14/2023 SC Lite Edition
    Info: Processing started: Sat Jun 10 12:06:14 2023
Info: Command: quartus_map --read_settings_files=on --write_settings_files=off TP2 -c TP2
Warning (18236): Number of processors has not been specified which may cause overloading on shared machines.  Set the global assignment NUM_PARALLEL_PROCESSORS in your QSF to an appropriate value for best performance.
Info (20030): Parallel compilation is enabled and will use 6 of the 6 processors detected
Info (12021): Found 1 design units, including 1 entities, in source file haltctrl.v
    Info (12023): Found entity 1: HALTCtrl File: C:/Users/sergi/OneDrive - ITBA/SAP-TAB/Electro V/E5_TP2/HALTCtrl.v Line: 1
Info (12021): Found 1 design units, including 1 entities, in source file prog_mem.v
    Info (12023): Found entity 1: Prog_mem File: C:/Users/sergi/OneDrive - ITBA/SAP-TAB/Electro V/E5_TP2/Prog_mem.v Line: 40
Info (12021): Found 1 design units, including 1 entities, in source file tp2.bdf
    Info (12023): Found entity 1: TP2
Info (12021): Found 1 design units, including 1 entities, in source file ifu.v
    Info (12023): Found entity 1: ifu File: C:/Users/sergi/OneDrive - ITBA/SAP-TAB/Electro V/E5_TP2/ifu.v Line: 1
Info (12021): Found 1 design units, including 1 entities, in source file decoder.v
    Info (12023): Found entity 1: decoder File: C:/Users/sergi/OneDrive - ITBA/SAP-TAB/Electro V/E5_TP2/decoder.v Line: 13
Info (12021): Found 1 design units, including 1 entities, in source file alu.v
    Info (12023): Found entity 1: alu File: C:/Users/sergi/OneDrive - ITBA/SAP-TAB/Electro V/E5_TP2/alu.v Line: 13
Info (12021): Found 1 design units, including 1 entities, in source file latch32.v
    Info (12023): Found entity 1: latch32 File: C:/Users/sergi/OneDrive - ITBA/SAP-TAB/Electro V/E5_TP2/latch32.v Line: 1
Info (12021): Found 1 design units, including 1 entities, in source file reg_bank.v
    Info (12023): Found entity 1: reg_bank File: C:/Users/sergi/OneDrive - ITBA/SAP-TAB/Electro V/E5_TP2/reg_bank.v Line: 1
Info (12021): Found 1 design units, including 1 entities, in source file latchdec.v
    Info (12023): Found entity 1: latchDec File: C:/Users/sergi/OneDrive - ITBA/SAP-TAB/Electro V/E5_TP2/latchDec.v Line: 1
Info (12021): Found 1 design units, including 1 entities, in source file latchaluin.v
    Info (12023): Found entity 1: latchAluIn File: C:/Users/sergi/OneDrive - ITBA/SAP-TAB/Electro V/E5_TP2/latchAluIn.v Line: 1
Info (12021): Found 1 design units, including 1 entities, in source file latch5.v
    Info (12023): Found entity 1: latch5 File: C:/Users/sergi/OneDrive - ITBA/SAP-TAB/Electro V/E5_TP2/latch5.v Line: 1
Info (12021): Found 1 design units, including 1 entities, in source file ram.v
    Info (12023): Found entity 1: ram File: C:/Users/sergi/OneDrive - ITBA/SAP-TAB/Electro V/E5_TP2/ram.v Line: 40
Info (12021): Found 1 design units, including 1 entities, in source file lam.v
    Info (12023): Found entity 1: LAM File: C:/Users/sergi/OneDrive - ITBA/SAP-TAB/Electro V/E5_TP2/LAM.v Line: 1
Info (12021): Found 0 design units, including 0 entities, in source file jmp.v
Info (12127): Elaborating entity "TP2" for the top level hierarchy
Info (12128): Elaborating entity "HALTCtrl" for hierarchy "HALTCtrl:inst1"
Info (12128): Elaborating entity "decoder" for hierarchy "decoder:DECODER"
Warning (10270): Verilog HDL Case Statement warning at decoder.v(40): incomplete case statement has no default case item File: C:/Users/sergi/OneDrive - ITBA/SAP-TAB/Electro V/E5_TP2/decoder.v Line: 40
Info (12128): Elaborating entity "ifu" for hierarchy "ifu:IFU"
Info (12128): Elaborating entity "Prog_mem" for hierarchy "Prog_mem:ROM"
Info (12128): Elaborating entity "altsyncram" for hierarchy "Prog_mem:ROM|altsyncram:altsyncram_component" File: C:/Users/sergi/OneDrive - ITBA/SAP-TAB/Electro V/E5_TP2/Prog_mem.v Line: 85
Info (12130): Elaborated megafunction instantiation "Prog_mem:ROM|altsyncram:altsyncram_component" File: C:/Users/sergi/OneDrive - ITBA/SAP-TAB/Electro V/E5_TP2/Prog_mem.v Line: 85
Info (12133): Instantiated megafunction "Prog_mem:ROM|altsyncram:altsyncram_component" with the following parameter: File: C:/Users/sergi/OneDrive - ITBA/SAP-TAB/Electro V/E5_TP2/Prog_mem.v Line: 85
    Info (12134): Parameter "address_aclr_a" = "NONE"
    Info (12134): Parameter "clock_enable_input_a" = "NORMAL"
    Info (12134): Parameter "clock_enable_output_a" = "BYPASS"
    Info (12134): Parameter "init_file" = "prog_mem.mif"
    Info (12134): Parameter "intended_device_family" = "Cyclone IV E"
    Info (12134): Parameter "lpm_hint" = "ENABLE_RUNTIME_MOD=NO"
    Info (12134): Parameter "lpm_type" = "altsyncram"
    Info (12134): Parameter "numwords_a" = "1024"
    Info (12134): Parameter "operation_mode" = "ROM"
    Info (12134): Parameter "outdata_aclr_a" = "NONE"
    Info (12134): Parameter "outdata_reg_a" = "UNREGISTERED"
    Info (12134): Parameter "widthad_a" = "10"
    Info (12134): Parameter "width_a" = "32"
    Info (12134): Parameter "width_byteena_a" = "1"
Info (12021): Found 1 design units, including 1 entities, in source file db/altsyncram_h2b1.tdf
    Info (12023): Found entity 1: altsyncram_h2b1 File: C:/Users/sergi/OneDrive - ITBA/SAP-TAB/Electro V/E5_TP2/db/altsyncram_h2b1.tdf Line: 28
Info (12128): Elaborating entity "altsyncram_h2b1" for hierarchy "Prog_mem:ROM|altsyncram:altsyncram_component|altsyncram_h2b1:auto_generated" File: f:/intelfpga_lite/22.1std/quartus/libraries/megafunctions/altsyncram.tdf Line: 792
Info (12128): Elaborating entity "latchAluIn" for hierarchy "latchAluIn:LATCH_aluIn"
Info (12128): Elaborating entity "latchDec" for hierarchy "latchDec:LATCH_DEC"
Info (12128): Elaborating entity "latch32" for hierarchy "latch32:LATCH_busA"
Info (12128): Elaborating entity "reg_bank" for hierarchy "reg_bank:REG_BANK"
Info (12128): Elaborating entity "alu" for hierarchy "alu:ALU"
Info (12128): Elaborating entity "latch5" for hierarchy "latch5:LATCH_rd22"
Info (12128): Elaborating entity "BUSMUX" for hierarchy "BUSMUX:mux_rd"
Info (12130): Elaborated megafunction instantiation "BUSMUX:mux_rd"
Info (12133): Instantiated megafunction "BUSMUX:mux_rd" with the following parameter:
    Info (12134): Parameter "WIDTH" = "5"
Info (12128): Elaborating entity "lpm_mux" for hierarchy "BUSMUX:mux_rd|lpm_mux:$00000" File: f:/intelfpga_lite/22.1std/quartus/libraries/megafunctions/busmux.tdf Line: 44
Info (12131): Elaborated megafunction instantiation "BUSMUX:mux_rd|lpm_mux:$00000", which is child of megafunction instantiation "BUSMUX:mux_rd" File: f:/intelfpga_lite/22.1std/quartus/libraries/megafunctions/busmux.tdf Line: 44
Info (12021): Found 1 design units, including 1 entities, in source file db/mux_brc.tdf
    Info (12023): Found entity 1: mux_brc File: C:/Users/sergi/OneDrive - ITBA/SAP-TAB/Electro V/E5_TP2/db/mux_brc.tdf Line: 23
Info (12128): Elaborating entity "mux_brc" for hierarchy "BUSMUX:mux_rd|lpm_mux:$00000|mux_brc:auto_generated" File: f:/intelfpga_lite/22.1std/quartus/libraries/megafunctions/lpm_mux.tdf Line: 87
Info (12128): Elaborating entity "ram" for hierarchy "ram:RAM"
Info (12128): Elaborating entity "altsyncram" for hierarchy "ram:RAM|altsyncram:altsyncram_component" File: C:/Users/sergi/OneDrive - ITBA/SAP-TAB/Electro V/E5_TP2/ram.v Line: 94
Info (12130): Elaborated megafunction instantiation "ram:RAM|altsyncram:altsyncram_component" File: C:/Users/sergi/OneDrive - ITBA/SAP-TAB/Electro V/E5_TP2/ram.v Line: 94
Info (12133): Instantiated megafunction "ram:RAM|altsyncram:altsyncram_component" with the following parameter: File: C:/Users/sergi/OneDrive - ITBA/SAP-TAB/Electro V/E5_TP2/ram.v Line: 94
    Info (12134): Parameter "clock_enable_input_a" = "NORMAL"
    Info (12134): Parameter "clock_enable_output_a" = "NORMAL"
    Info (12134): Parameter "intended_device_family" = "Cyclone IV E"
    Info (12134): Parameter "lpm_type" = "altsyncram"
    Info (12134): Parameter "numwords_a" = "256"
    Info (12134): Parameter "operation_mode" = "SINGLE_PORT"
    Info (12134): Parameter "outdata_aclr_a" = "NONE"
    Info (12134): Parameter "outdata_reg_a" = "CLOCK1"
    Info (12134): Parameter "power_up_uninitialized" = "FALSE"
    Info (12134): Parameter "read_during_write_mode_port_a" = "NEW_DATA_NO_NBE_READ"
    Info (12134): Parameter "widthad_a" = "8"
    Info (12134): Parameter "width_a" = "32"
    Info (12134): Parameter "width_byteena_a" = "1"
Info (12021): Found 1 design units, including 1 entities, in source file db/altsyncram_3ef1.tdf
    Info (12023): Found entity 1: altsyncram_3ef1 File: C:/Users/sergi/OneDrive - ITBA/SAP-TAB/Electro V/E5_TP2/db/altsyncram_3ef1.tdf Line: 28
Info (12128): Elaborating entity "altsyncram_3ef1" for hierarchy "ram:RAM|altsyncram:altsyncram_component|altsyncram_3ef1:auto_generated" File: f:/intelfpga_lite/22.1std/quartus/libraries/megafunctions/altsyncram.tdf Line: 792
Warning (13024): Output pins are stuck at VCC or GND
    Warning (13410): Pin "selOutDec[5]" is stuck at GND
    Warning (13410): Pin "PC[1]" is stuck at GND
    Warning (13410): Pin "PC[0]" is stuck at GND
    Warning (13410): Pin "selADec[5]" is stuck at GND
    Warning (13410): Pin "selOut[5]" is stuck at GND
    Warning (13410): Pin "selA[5]" is stuck at GND
Info (286030): Timing-Driven Synthesis is running
Info (16010): Generating hard_block partition "hard_block:auto_generated_inst"
    Info (16011): Adding 0 node(s), including 0 DDIO, 0 PLL, 0 transceiver and 0 LCELL
Info (15717): Design contains 441 virtual pins; timing numbers associated with paths containing virtual pins are estimates
    Info (15719): Pin "selOutDec[5]" is virtual output pin
    Info (15719): Pin "selOutDec[4]" is virtual output pin
    Info (15719): Pin "selOutDec[3]" is virtual output pin
    Info (15719): Pin "selOutDec[2]" is virtual output pin
    Info (15719): Pin "selOutDec[1]" is virtual output pin
    Info (15719): Pin "selOutDec[0]" is virtual output pin
    Info (15719): Pin "rom_q[31]" is virtual output pin
    Info (15719): Pin "rom_q[30]" is virtual output pin
    Info (15719): Pin "rom_q[29]" is virtual output pin
    Info (15719): Pin "rom_q[28]" is virtual output pin
    Info (15719): Pin "rom_q[27]" is virtual output pin
    Info (15719): Pin "rom_q[26]" is virtual output pin
    Info (15719): Pin "rom_q[25]" is virtual output pin
    Info (15719): Pin "rom_q[24]" is virtual output pin
    Info (15719): Pin "rom_q[23]" is virtual output pin
    Info (15719): Pin "rom_q[22]" is virtual output pin
    Info (15719): Pin "rom_q[21]" is virtual output pin
    Info (15719): Pin "rom_q[20]" is virtual output pin
    Info (15719): Pin "rom_q[19]" is virtual output pin
    Info (15719): Pin "rom_q[18]" is virtual output pin
    Info (15719): Pin "rom_q[17]" is virtual output pin
    Info (15719): Pin "rom_q[16]" is virtual output pin
    Info (15719): Pin "rom_q[15]" is virtual output pin
    Info (15719): Pin "rom_q[14]" is virtual output pin
    Info (15719): Pin "rom_q[13]" is virtual output pin
    Info (15719): Pin "rom_q[12]" is virtual output pin
    Info (15719): Pin "rom_q[11]" is virtual output pin
    Info (15719): Pin "rom_q[10]" is virtual output pin
    Info (15719): Pin "rom_q[9]" is virtual output pin
    Info (15719): Pin "rom_q[8]" is virtual output pin
    Info (15719): Pin "rom_q[7]" is virtual output pin
    Info (15719): Pin "rom_q[6]" is virtual output pin
    Info (15719): Pin "rom_q[5]" is virtual output pin
    Info (15719): Pin "rom_q[4]" is virtual output pin
    Info (15719): Pin "rom_q[3]" is virtual output pin
    Info (15719): Pin "rom_q[2]" is virtual output pin
    Info (15719): Pin "rom_q[1]" is virtual output pin
    Info (15719): Pin "rom_q[0]" is virtual output pin
    Info (15719): Pin "PC[31]" is virtual output pin
    Info (15719): Pin "PC[30]" is virtual output pin
    Info (15719): Pin "PC[29]" is virtual output pin
    Info (15719): Pin "PC[28]" is virtual output pin
    Info (15719): Pin "PC[27]" is virtual output pin
    Info (15719): Pin "PC[26]" is virtual output pin
    Info (15719): Pin "PC[25]" is virtual output pin
    Info (15719): Pin "PC[24]" is virtual output pin
    Info (15719): Pin "PC[23]" is virtual output pin
    Info (15719): Pin "PC[22]" is virtual output pin
    Info (15719): Pin "PC[21]" is virtual output pin
    Info (15719): Pin "PC[20]" is virtual output pin
    Info (15719): Pin "PC[19]" is virtual output pin
    Info (15719): Pin "PC[18]" is virtual output pin
    Info (15719): Pin "PC[17]" is virtual output pin
    Info (15719): Pin "PC[16]" is virtual output pin
    Info (15719): Pin "PC[15]" is virtual output pin
    Info (15719): Pin "PC[14]" is virtual output pin
    Info (15719): Pin "PC[13]" is virtual output pin
    Info (15719): Pin "PC[12]" is virtual output pin
    Info (15719): Pin "PC[11]" is virtual output pin
    Info (15719): Pin "PC[10]" is virtual output pin
    Info (15719): Pin "PC[9]" is virtual output pin
    Info (15719): Pin "PC[8]" is virtual output pin
    Info (15719): Pin "PC[7]" is virtual output pin
    Info (15719): Pin "PC[6]" is virtual output pin
    Info (15719): Pin "PC[5]" is virtual output pin
    Info (15719): Pin "PC[4]" is virtual output pin
    Info (15719): Pin "PC[3]" is virtual output pin
    Info (15719): Pin "PC[2]" is virtual output pin
    Info (15719): Pin "PC[1]" is virtual output pin
    Info (15719): Pin "PC[0]" is virtual output pin
    Info (15719): Pin "selADec[5]" is virtual output pin
    Info (15719): Pin "selADec[4]" is virtual output pin
    Info (15719): Pin "selADec[3]" is virtual output pin
    Info (15719): Pin "selADec[2]" is virtual output pin
    Info (15719): Pin "selADec[1]" is virtual output pin
    Info (15719): Pin "selADec[0]" is virtual output pin
    Info (15719): Pin "selBDec[4]" is virtual output pin
    Info (15719): Pin "selBDec[3]" is virtual output pin
    Info (15719): Pin "selBDec[2]" is virtual output pin
    Info (15719): Pin "selBDec[1]" is virtual output pin
    Info (15719): Pin "selBDec[0]" is virtual output pin
    Info (15719): Pin "Alu_BusA[31]" is virtual output pin
    Info (15719): Pin "Alu_BusA[30]" is virtual output pin
    Info (15719): Pin "Alu_BusA[29]" is virtual output pin
    Info (15719): Pin "Alu_BusA[28]" is virtual output pin
    Info (15719): Pin "Alu_BusA[27]" is virtual output pin
    Info (15719): Pin "Alu_BusA[26]" is virtual output pin
    Info (15719): Pin "Alu_BusA[25]" is virtual output pin
    Info (15719): Pin "Alu_BusA[24]" is virtual output pin
    Info (15719): Pin "Alu_BusA[23]" is virtual output pin
    Info (15719): Pin "Alu_BusA[22]" is virtual output pin
    Info (15719): Pin "Alu_BusA[21]" is virtual output pin
    Info (15719): Pin "Alu_BusA[20]" is virtual output pin
    Info (15719): Pin "Alu_BusA[19]" is virtual output pin
    Info (15719): Pin "Alu_BusA[18]" is virtual output pin
    Info (15719): Pin "Alu_BusA[17]" is virtual output pin
    Info (15719): Pin "Alu_BusA[16]" is virtual output pin
    Info (15719): Pin "Alu_BusA[15]" is virtual output pin
    Info (15719): Pin "Alu_BusA[14]" is virtual output pin
    Info (15719): Pin "Alu_BusA[13]" is virtual output pin
    Info (15719): Pin "Alu_BusA[12]" is virtual output pin
    Info (15719): Pin "Alu_BusA[11]" is virtual output pin
    Info (15719): Pin "Alu_BusA[10]" is virtual output pin
    Info (15719): Pin "Alu_BusA[9]" is virtual output pin
    Info (15719): Pin "Alu_BusA[8]" is virtual output pin
    Info (15719): Pin "Alu_BusA[7]" is virtual output pin
    Info (15719): Pin "Alu_BusA[6]" is virtual output pin
    Info (15719): Pin "Alu_BusA[5]" is virtual output pin
    Info (15719): Pin "Alu_BusA[4]" is virtual output pin
    Info (15719): Pin "Alu_BusA[3]" is virtual output pin
    Info (15719): Pin "Alu_BusA[2]" is virtual output pin
    Info (15719): Pin "Alu_BusA[1]" is virtual output pin
    Info (15719): Pin "Alu_BusA[0]" is virtual output pin
    Info (15719): Pin "selOut[5]" is virtual output pin
    Info (15719): Pin "selOut[4]" is virtual output pin
    Info (15719): Pin "selOut[3]" is virtual output pin
    Info (15719): Pin "selOut[2]" is virtual output pin
    Info (15719): Pin "selOut[1]" is virtual output pin
    Info (15719): Pin "selOut[0]" is virtual output pin
    Info (15719): Pin "selA[5]" is virtual output pin
    Info (15719): Pin "selA[4]" is virtual output pin
    Info (15719): Pin "selA[3]" is virtual output pin
    Info (15719): Pin "selA[2]" is virtual output pin
    Info (15719): Pin "selA[1]" is virtual output pin
    Info (15719): Pin "selA[0]" is virtual output pin
    Info (15719): Pin "selB[4]" is virtual output pin
    Info (15719): Pin "selB[3]" is virtual output pin
    Info (15719): Pin "selB[2]" is virtual output pin
    Info (15719): Pin "selB[1]" is virtual output pin
    Info (15719): Pin "selB[0]" is virtual output pin
    Info (15719): Pin "Alu_BusB[31]" is virtual output pin
    Info (15719): Pin "Alu_BusB[30]" is virtual output pin
    Info (15719): Pin "Alu_BusB[29]" is virtual output pin
    Info (15719): Pin "Alu_BusB[28]" is virtual output pin
    Info (15719): Pin "Alu_BusB[27]" is virtual output pin
    Info (15719): Pin "Alu_BusB[26]" is virtual output pin
    Info (15719): Pin "Alu_BusB[25]" is virtual output pin
    Info (15719): Pin "Alu_BusB[24]" is virtual output pin
    Info (15719): Pin "Alu_BusB[23]" is virtual output pin
    Info (15719): Pin "Alu_BusB[22]" is virtual output pin
    Info (15719): Pin "Alu_BusB[21]" is virtual output pin
    Info (15719): Pin "Alu_BusB[20]" is virtual output pin
    Info (15719): Pin "Alu_BusB[19]" is virtual output pin
    Info (15719): Pin "Alu_BusB[18]" is virtual output pin
    Info (15719): Pin "Alu_BusB[17]" is virtual output pin
    Info (15719): Pin "Alu_BusB[16]" is virtual output pin
    Info (15719): Pin "Alu_BusB[15]" is virtual output pin
    Info (15719): Pin "Alu_BusB[14]" is virtual output pin
    Info (15719): Pin "Alu_BusB[13]" is virtual output pin
    Info (15719): Pin "Alu_BusB[12]" is virtual output pin
    Info (15719): Pin "Alu_BusB[11]" is virtual output pin
    Info (15719): Pin "Alu_BusB[10]" is virtual output pin
    Info (15719): Pin "Alu_BusB[9]" is virtual output pin
    Info (15719): Pin "Alu_BusB[8]" is virtual output pin
    Info (15719): Pin "Alu_BusB[7]" is virtual output pin
    Info (15719): Pin "Alu_BusB[6]" is virtual output pin
    Info (15719): Pin "Alu_BusB[5]" is virtual output pin
    Info (15719): Pin "Alu_BusB[4]" is virtual output pin
    Info (15719): Pin "Alu_BusB[3]" is virtual output pin
    Info (15719): Pin "Alu_BusB[2]" is virtual output pin
    Info (15719): Pin "Alu_BusB[1]" is virtual output pin
    Info (15719): Pin "Alu_BusB[0]" is virtual output pin
    Info (15719): Pin "Alu_BusC[31]" is virtual output pin
    Info (15719): Pin "Alu_BusC[30]" is virtual output pin
    Info (15719): Pin "Alu_BusC[29]" is virtual output pin
    Info (15719): Pin "Alu_BusC[28]" is virtual output pin
    Info (15719): Pin "Alu_BusC[27]" is virtual output pin
    Info (15719): Pin "Alu_BusC[26]" is virtual output pin
    Info (15719): Pin "Alu_BusC[25]" is virtual output pin
    Info (15719): Pin "Alu_BusC[24]" is virtual output pin
    Info (15719): Pin "Alu_BusC[23]" is virtual output pin
    Info (15719): Pin "Alu_BusC[22]" is virtual output pin
    Info (15719): Pin "Alu_BusC[21]" is virtual output pin
    Info (15719): Pin "Alu_BusC[20]" is virtual output pin
    Info (15719): Pin "Alu_BusC[19]" is virtual output pin
    Info (15719): Pin "Alu_BusC[18]" is virtual output pin
    Info (15719): Pin "Alu_BusC[17]" is virtual output pin
    Info (15719): Pin "Alu_BusC[16]" is virtual output pin
    Info (15719): Pin "Alu_BusC[15]" is virtual output pin
    Info (15719): Pin "Alu_BusC[14]" is virtual output pin
    Info (15719): Pin "Alu_BusC[13]" is virtual output pin
    Info (15719): Pin "Alu_BusC[12]" is virtual output pin
    Info (15719): Pin "Alu_BusC[11]" is virtual output pin
    Info (15719): Pin "Alu_BusC[10]" is virtual output pin
    Info (15719): Pin "Alu_BusC[9]" is virtual output pin
    Info (15719): Pin "Alu_BusC[8]" is virtual output pin
    Info (15719): Pin "Alu_BusC[7]" is virtual output pin
    Info (15719): Pin "Alu_BusC[6]" is virtual output pin
    Info (15719): Pin "Alu_BusC[5]" is virtual output pin
    Info (15719): Pin "Alu_BusC[4]" is virtual output pin
    Info (15719): Pin "Alu_BusC[3]" is virtual output pin
    Info (15719): Pin "Alu_BusC[2]" is virtual output pin
    Info (15719): Pin "Alu_BusC[1]" is virtual output pin
    Info (15719): Pin "Alu_BusC[0]" is virtual output pin
    Info (15719): Pin "Alu_ctrl[9]" is virtual output pin
    Info (15719): Pin "Alu_ctrl[8]" is virtual output pin
    Info (15719): Pin "Alu_ctrl[7]" is virtual output pin
    Info (15719): Pin "Alu_ctrl[6]" is virtual output pin
    Info (15719): Pin "Alu_ctrl[5]" is virtual output pin
    Info (15719): Pin "Alu_ctrl[4]" is virtual output pin
    Info (15719): Pin "Alu_ctrl[3]" is virtual output pin
    Info (15719): Pin "Alu_ctrl[2]" is virtual output pin
    Info (15719): Pin "Alu_ctrl[1]" is virtual output pin
    Info (15719): Pin "Alu_ctrl[0]" is virtual output pin
    Info (15719): Pin "busA[31]" is virtual output pin
    Info (15719): Pin "busA[30]" is virtual output pin
    Info (15719): Pin "busA[29]" is virtual output pin
    Info (15719): Pin "busA[28]" is virtual output pin
    Info (15719): Pin "busA[27]" is virtual output pin
    Info (15719): Pin "busA[26]" is virtual output pin
    Info (15719): Pin "busA[25]" is virtual output pin
    Info (15719): Pin "busA[24]" is virtual output pin
    Info (15719): Pin "busA[23]" is virtual output pin
    Info (15719): Pin "busA[22]" is virtual output pin
    Info (15719): Pin "busA[21]" is virtual output pin
    Info (15719): Pin "busA[20]" is virtual output pin
    Info (15719): Pin "busA[19]" is virtual output pin
    Info (15719): Pin "busA[18]" is virtual output pin
    Info (15719): Pin "busA[17]" is virtual output pin
    Info (15719): Pin "busA[16]" is virtual output pin
    Info (15719): Pin "busA[15]" is virtual output pin
    Info (15719): Pin "busA[14]" is virtual output pin
    Info (15719): Pin "busA[13]" is virtual output pin
    Info (15719): Pin "busA[12]" is virtual output pin
    Info (15719): Pin "busA[11]" is virtual output pin
    Info (15719): Pin "busA[10]" is virtual output pin
    Info (15719): Pin "busA[9]" is virtual output pin
    Info (15719): Pin "busA[8]" is virtual output pin
    Info (15719): Pin "busA[7]" is virtual output pin
    Info (15719): Pin "busA[6]" is virtual output pin
    Info (15719): Pin "busA[5]" is virtual output pin
    Info (15719): Pin "busA[4]" is virtual output pin
    Info (15719): Pin "busA[3]" is virtual output pin
    Info (15719): Pin "busA[2]" is virtual output pin
    Info (15719): Pin "busA[1]" is virtual output pin
    Info (15719): Pin "busA[0]" is virtual output pin
    Info (15719): Pin "busB[31]" is virtual output pin
    Info (15719): Pin "busB[30]" is virtual output pin
    Info (15719): Pin "busB[29]" is virtual output pin
    Info (15719): Pin "busB[28]" is virtual output pin
    Info (15719): Pin "busB[27]" is virtual output pin
    Info (15719): Pin "busB[26]" is virtual output pin
    Info (15719): Pin "busB[25]" is virtual output pin
    Info (15719): Pin "busB[24]" is virtual output pin
    Info (15719): Pin "busB[23]" is virtual output pin
    Info (15719): Pin "busB[22]" is virtual output pin
    Info (15719): Pin "busB[21]" is virtual output pin
    Info (15719): Pin "busB[20]" is virtual output pin
    Info (15719): Pin "busB[19]" is virtual output pin
    Info (15719): Pin "busB[18]" is virtual output pin
    Info (15719): Pin "busB[17]" is virtual output pin
    Info (15719): Pin "busB[16]" is virtual output pin
    Info (15719): Pin "busB[15]" is virtual output pin
    Info (15719): Pin "busB[14]" is virtual output pin
    Info (15719): Pin "busB[13]" is virtual output pin
    Info (15719): Pin "busB[12]" is virtual output pin
    Info (15719): Pin "busB[11]" is virtual output pin
    Info (15719): Pin "busB[10]" is virtual output pin
    Info (15719): Pin "busB[9]" is virtual output pin
    Info (15719): Pin "busB[8]" is virtual output pin
    Info (15719): Pin "busB[7]" is virtual output pin
    Info (15719): Pin "busB[6]" is virtual output pin
    Info (15719): Pin "busB[5]" is virtual output pin
    Info (15719): Pin "busB[4]" is virtual output pin
    Info (15719): Pin "busB[3]" is virtual output pin
    Info (15719): Pin "busB[2]" is virtual output pin
    Info (15719): Pin "busB[1]" is virtual output pin
    Info (15719): Pin "busB[0]" is virtual output pin
    Info (15719): Pin "busC[31]" is virtual output pin
    Info (15719): Pin "busC[30]" is virtual output pin
    Info (15719): Pin "busC[29]" is virtual output pin
    Info (15719): Pin "busC[28]" is virtual output pin
    Info (15719): Pin "busC[27]" is virtual output pin
    Info (15719): Pin "busC[26]" is virtual output pin
    Info (15719): Pin "busC[25]" is virtual output pin
    Info (15719): Pin "busC[24]" is virtual output pin
    Info (15719): Pin "busC[23]" is virtual output pin
    Info (15719): Pin "busC[22]" is virtual output pin
    Info (15719): Pin "busC[21]" is virtual output pin
    Info (15719): Pin "busC[20]" is virtual output pin
    Info (15719): Pin "busC[19]" is virtual output pin
    Info (15719): Pin "busC[18]" is virtual output pin
    Info (15719): Pin "busC[17]" is virtual output pin
    Info (15719): Pin "busC[16]" is virtual output pin
    Info (15719): Pin "busC[15]" is virtual output pin
    Info (15719): Pin "busC[14]" is virtual output pin
    Info (15719): Pin "busC[13]" is virtual output pin
    Info (15719): Pin "busC[12]" is virtual output pin
    Info (15719): Pin "busC[11]" is virtual output pin
    Info (15719): Pin "busC[10]" is virtual output pin
    Info (15719): Pin "busC[9]" is virtual output pin
    Info (15719): Pin "busC[8]" is virtual output pin
    Info (15719): Pin "busC[7]" is virtual output pin
    Info (15719): Pin "busC[6]" is virtual output pin
    Info (15719): Pin "busC[5]" is virtual output pin
    Info (15719): Pin "busC[4]" is virtual output pin
    Info (15719): Pin "busC[3]" is virtual output pin
    Info (15719): Pin "busC[2]" is virtual output pin
    Info (15719): Pin "busC[1]" is virtual output pin
    Info (15719): Pin "busC[0]" is virtual output pin
    Info (15719): Pin "imm[31]" is virtual output pin
    Info (15719): Pin "imm[30]" is virtual output pin
    Info (15719): Pin "imm[29]" is virtual output pin
    Info (15719): Pin "imm[28]" is virtual output pin
    Info (15719): Pin "imm[27]" is virtual output pin
    Info (15719): Pin "imm[26]" is virtual output pin
    Info (15719): Pin "imm[25]" is virtual output pin
    Info (15719): Pin "imm[24]" is virtual output pin
    Info (15719): Pin "imm[23]" is virtual output pin
    Info (15719): Pin "imm[22]" is virtual output pin
    Info (15719): Pin "imm[21]" is virtual output pin
    Info (15719): Pin "imm[20]" is virtual output pin
    Info (15719): Pin "imm[19]" is virtual output pin
    Info (15719): Pin "imm[18]" is virtual output pin
    Info (15719): Pin "imm[17]" is virtual output pin
    Info (15719): Pin "imm[16]" is virtual output pin
    Info (15719): Pin "imm[15]" is virtual output pin
    Info (15719): Pin "imm[14]" is virtual output pin
    Info (15719): Pin "imm[13]" is virtual output pin
    Info (15719): Pin "imm[12]" is virtual output pin
    Info (15719): Pin "imm[11]" is virtual output pin
    Info (15719): Pin "imm[10]" is virtual output pin
    Info (15719): Pin "imm[9]" is virtual output pin
    Info (15719): Pin "imm[8]" is virtual output pin
    Info (15719): Pin "imm[7]" is virtual output pin
    Info (15719): Pin "imm[6]" is virtual output pin
    Info (15719): Pin "imm[5]" is virtual output pin
    Info (15719): Pin "imm[4]" is virtual output pin
    Info (15719): Pin "imm[3]" is virtual output pin
    Info (15719): Pin "imm[2]" is virtual output pin
    Info (15719): Pin "imm[1]" is virtual output pin
    Info (15719): Pin "imm[0]" is virtual output pin
    Info (15719): Pin "instruction[31]" is virtual output pin
    Info (15719): Pin "instruction[30]" is virtual output pin
    Info (15719): Pin "instruction[29]" is virtual output pin
    Info (15719): Pin "instruction[28]" is virtual output pin
    Info (15719): Pin "instruction[27]" is virtual output pin
    Info (15719): Pin "instruction[26]" is virtual output pin
    Info (15719): Pin "instruction[25]" is virtual output pin
    Info (15719): Pin "instruction[24]" is virtual output pin
    Info (15719): Pin "instruction[23]" is virtual output pin
    Info (15719): Pin "instruction[22]" is virtual output pin
    Info (15719): Pin "instruction[21]" is virtual output pin
    Info (15719): Pin "instruction[20]" is virtual output pin
    Info (15719): Pin "instruction[19]" is virtual output pin
    Info (15719): Pin "instruction[18]" is virtual output pin
    Info (15719): Pin "instruction[17]" is virtual output pin
    Info (15719): Pin "instruction[16]" is virtual output pin
    Info (15719): Pin "instruction[15]" is virtual output pin
    Info (15719): Pin "instruction[14]" is virtual output pin
    Info (15719): Pin "instruction[13]" is virtual output pin
    Info (15719): Pin "instruction[12]" is virtual output pin
    Info (15719): Pin "instruction[11]" is virtual output pin
    Info (15719): Pin "instruction[10]" is virtual output pin
    Info (15719): Pin "instruction[9]" is virtual output pin
    Info (15719): Pin "instruction[8]" is virtual output pin
    Info (15719): Pin "instruction[7]" is virtual output pin
    Info (15719): Pin "instruction[6]" is virtual output pin
    Info (15719): Pin "instruction[5]" is virtual output pin
    Info (15719): Pin "instruction[4]" is virtual output pin
    Info (15719): Pin "instruction[3]" is virtual output pin
    Info (15719): Pin "instruction[2]" is virtual output pin
    Info (15719): Pin "instruction[1]" is virtual output pin
    Info (15719): Pin "instruction[0]" is virtual output pin
    Info (15719): Pin "outRam[31]" is virtual output pin
    Info (15719): Pin "outRam[30]" is virtual output pin
    Info (15719): Pin "outRam[29]" is virtual output pin
    Info (15719): Pin "outRam[28]" is virtual output pin
    Info (15719): Pin "outRam[27]" is virtual output pin
    Info (15719): Pin "outRam[26]" is virtual output pin
    Info (15719): Pin "outRam[25]" is virtual output pin
    Info (15719): Pin "outRam[24]" is virtual output pin
    Info (15719): Pin "outRam[23]" is virtual output pin
    Info (15719): Pin "outRam[22]" is virtual output pin
    Info (15719): Pin "outRam[21]" is virtual output pin
    Info (15719): Pin "outRam[20]" is virtual output pin
    Info (15719): Pin "outRam[19]" is virtual output pin
    Info (15719): Pin "outRam[18]" is virtual output pin
    Info (15719): Pin "outRam[17]" is virtual output pin
    Info (15719): Pin "outRam[16]" is virtual output pin
    Info (15719): Pin "outRam[15]" is virtual output pin
    Info (15719): Pin "outRam[14]" is virtual output pin
    Info (15719): Pin "outRam[13]" is virtual output pin
    Info (15719): Pin "outRam[12]" is virtual output pin
    Info (15719): Pin "outRam[11]" is virtual output pin
    Info (15719): Pin "outRam[10]" is virtual output pin
    Info (15719): Pin "outRam[9]" is virtual output pin
    Info (15719): Pin "outRam[8]" is virtual output pin
    Info (15719): Pin "outRam[7]" is virtual output pin
    Info (15719): Pin "outRam[6]" is virtual output pin
    Info (15719): Pin "outRam[5]" is virtual output pin
    Info (15719): Pin "outRam[4]" is virtual output pin
    Info (15719): Pin "outRam[3]" is virtual output pin
    Info (15719): Pin "outRam[2]" is virtual output pin
    Info (15719): Pin "outRam[1]" is virtual output pin
    Info (15719): Pin "outRam[0]" is virtual output pin
    Info (15719): Pin "rd[4]" is virtual output pin
    Info (15719): Pin "rd[3]" is virtual output pin
    Info (15719): Pin "rd[2]" is virtual output pin
    Info (15719): Pin "rd[1]" is virtual output pin
    Info (15719): Pin "rd[0]" is virtual output pin
    Info (15718): Pin "data[31]" is virtual input pin
    Info (15718): Pin "address[0]" is virtual input pin
    Info (15718): Pin "address[1]" is virtual input pin
    Info (15718): Pin "address[2]" is virtual input pin
    Info (15718): Pin "address[3]" is virtual input pin
    Info (15718): Pin "address[4]" is virtual input pin
    Info (15718): Pin "address[5]" is virtual input pin
    Info (15718): Pin "address[6]" is virtual input pin
    Info (15718): Pin "address[7]" is virtual input pin
    Info (15718): Pin "data[30]" is virtual input pin
    Info (15718): Pin "data[29]" is virtual input pin
    Info (15718): Pin "data[28]" is virtual input pin
    Info (15718): Pin "data[27]" is virtual input pin
    Info (15718): Pin "data[26]" is virtual input pin
    Info (15718): Pin "data[25]" is virtual input pin
    Info (15718): Pin "data[24]" is virtual input pin
    Info (15718): Pin "data[23]" is virtual input pin
    Info (15718): Pin "data[22]" is virtual input pin
    Info (15718): Pin "data[21]" is virtual input pin
    Info (15718): Pin "data[20]" is virtual input pin
    Info (15718): Pin "data[19]" is virtual input pin
    Info (15718): Pin "data[18]" is virtual input pin
    Info (15718): Pin "data[17]" is virtual input pin
    Info (15718): Pin "data[16]" is virtual input pin
    Info (15718): Pin "data[15]" is virtual input pin
    Info (15718): Pin "data[14]" is virtual input pin
    Info (15718): Pin "data[13]" is virtual input pin
    Info (15718): Pin "data[12]" is virtual input pin
    Info (15718): Pin "data[11]" is virtual input pin
    Info (15718): Pin "data[10]" is virtual input pin
    Info (15718): Pin "data[9]" is virtual input pin
    Info (15718): Pin "data[8]" is virtual input pin
    Info (15718): Pin "data[7]" is virtual input pin
    Info (15718): Pin "data[6]" is virtual input pin
    Info (15718): Pin "data[5]" is virtual input pin
    Info (15718): Pin "data[4]" is virtual input pin
    Info (15718): Pin "data[3]" is virtual input pin
    Info (15718): Pin "data[2]" is virtual input pin
    Info (15718): Pin "data[1]" is virtual input pin
    Info (15718): Pin "data[0]" is virtual input pin
Info (21057): Implemented 4380 device resources after synthesis - the final resource count might be different
    Info (21058): Implemented 3 input pins
    Info (21059): Implemented 2 output pins
    Info (21061): Implemented 4311 logic cells
    Info (21064): Implemented 64 RAM segments
Info: Quartus Prime Analysis & Synthesis was successful. 0 errors, 9 warnings
    Info: Peak virtual memory: 4826 megabytes
    Info: Processing ended: Sat Jun 10 12:06:29 2023
    Info: Elapsed time: 00:00:15
    Info: Total CPU time (on all processors): 00:00:16


